Updating crates.io index
Compiling sov-keys v0.7.2 (/home/runner/work/citrea/citrea/crates/sovereign-sdk/module-system/sov-keys)
Compiling sov-schema-db v0.7.2 (/home/runner/work/citrea/citrea/crates/sovereign-sdk/full-node/db/sov-schema-db)
Compiling sov-modules-macros v0.7.2 (/home/runner/work/citrea/citrea/crates/sovereign-sdk/module-system/sov-modules-macros)
Compiling integration-tests v0.7.2 (/home/runner/work/citrea/citrea/crates/sovereign-sdk/module-system/module-implementations/integration-tests)
Compiling citrea-risc0-batch-proof v0.7.2 (/home/runner/work/citrea/citrea/guests/risc0/batch-proof)
Compiling citrea-risc0-light-client v0.7.2 (/home/runner/work/citrea/citrea/guests/risc0/light-client-proof)
Compiling sov-rollup-interface v0.7.2 (/home/runner/work/citrea/citrea/crates/sovereign-sdk/rollup-interface)
Compiling sov-db v0.7.2 (/home/runner/work/citrea/citrea/crates/sovereign-sdk/full-node/db/sov-db)
Compiling sov-modules-core v0.7.2 (/home/runner/work/citrea/citrea/crates/sovereign-sdk/module-system/sov-modules-core)
Compiling citrea-primitives v0.7.2 (/home/runner/work/citrea/citrea/crates/primitives)
Compiling sov-mock-da v0.7.2 (/home/runner/work/citrea/citrea/crates/sovereign-sdk/adapters/mock-da)
Compiling prover-services v0.7.2 (/home/runner/work/citrea/citrea/crates/prover-services)
Compiling sov-mock-zkvm v0.7.2 (/home/runner/work/citrea/citrea/crates/sovereign-sdk/adapters/mock-zkvm)
Compiling sov-state v0.7.2 (/home/runner/work/citrea/citrea/crates/sovereign-sdk/module-system/sov-state)
Compiling citrea-risc0-adapter v0.7.2 (/home/runner/work/citrea/citrea/crates/risc0)
Compiling sov-modules-api v0.7.2 (/home/runner/work/citrea/citrea/crates/sovereign-sdk/module-system/sov-modules-api)
Compiling sov-prover-storage-manager v0.7.2 (/home/runner/work/citrea/citrea/crates/sovereign-sdk/full-node/sov-prover-storage-manager)
Compiling short-header-proof-provider v0.7.2 (/home/runner/work/citrea/citrea/crates/short-header-proof-provider)
Compiling sov-accounts v0.7.2 (/home/runner/work/citrea/citrea/crates/sovereign-sdk/module-system/module-implementations/sov-accounts)
Compiling sov-modules-stf-blueprint v0.7.2 (/home/runner/work/citrea/citrea/crates/sovereign-sdk/module-system/sov-modules-stf-blueprint)
Compiling sov-ledger-rpc v0.7.2 (/home/runner/work/citrea/citrea/crates/sovereign-sdk/full-node/sov-ledger-rpc)
Compiling citrea-evm v0.7.2 (/home/runner/work/citrea/citrea/crates/evm)
Compiling l2-block-rule-enforcer v0.7.2 (/home/runner/work/citrea/citrea/crates/l2-block-rule-enforcer)
Compiling citrea-stf v0.7.2 (/home/runner/work/citrea/citrea/crates/citrea-stf)
Compiling citrea-common v0.7.2 (/home/runner/work/citrea/citrea/crates/common)
Compiling citrea-storage-ops v0.7.2 (/home/runner/work/citrea/citrea/crates/storage-ops)
Compiling bitcoin-da v0.7.2 (/home/runner/work/citrea/citrea/crates/bitcoin-da)
Compiling citrea-sequencer v0.7.2 (/home/runner/work/citrea/citrea/crates/sequencer)
Compiling citrea-batch-prover v0.7.2 (/home/runner/work/citrea/citrea/crates/batch-prover)
Compiling sov-modules-rollup-blueprint v0.7.2 (/home/runner/work/citrea/citrea/crates/sovereign-sdk/module-system/sov-modules-rollup-blueprint)
Compiling citrea-fullnode v0.7.2 (/home/runner/work/citrea/citrea/crates/fullnode)
Compiling citrea-cli v0.7.2 (/home/runner/work/citrea/citrea/bin/cli)
Compiling ethereum-rpc v0.7.2 (/home/runner/work/citrea/citrea/crates/ethereum-rpc)
warning: citrea-risc0-batch-proof@0.7.2: SKIP_GUEST_BUILD not set. Defaulting to performing guest build.
warning: citrea-risc0-batch-proof@0.7.2: Guest code is not built in docker
Compiling citrea-light-client-prover v0.7.2 (/home/runner/work/citrea/citrea/crates/light-client-prover)
warning: citrea-risc0-light-client@0.7.2: SKIP_GUEST_BUILD not set. Defaulting to performing guest build.
warning: citrea-risc0-light-client@0.7.2: Guest code is not built in docker
Compiling citrea v0.7.2 (/home/runner/work/citrea/citrea/bin/citrea)
Finished `dev` profile [unoptimized + debuginfo] target(s) in 4m 53s